// Jest Snapshot v1, https://goo.gl/fbAQLP

exports[`菜单测试 siderMenu -- 快照 1`] = `
<aside
  className="ant-layout-sider ant-layout-sider-dark yux-sider"
  style={
    Object {
      "flex": "0 0 200px",
      "maxWidth": "200px",
      "minWidth": "200px",
      "width": "200px",
    }
  }
>
  <div
    className="ant-layout-sider-children"
  >
    <div
      className="logo"
    >
      Wolin 3C
    </div>
    <ul
      className="ant-menu ant-menu-dark ant-menu-root ant-menu-inline"
      onMouseEnter={[Function]}
      onTransitionEnd={[Function]}
      role="menu"
      style={Object {}}
    >
      <li
        className="ant-menu-item ant-menu-item-only-child ant-menu-item-selected"
        onClick={[Function]}
        onMouseEnter={[Function]}
        onMouseLeave={[Function]}
        role="menuitem"
        style={
          Object {
            "paddingLeft": 24,
          }
        }
      >
        <span>
          仪表盘
        </span>
      </li>
    </ul>
  </div>
</aside>
`;
